[0.019s] Invoking command in '/home/alexanderh/ros2_ws/src/lunabot_one/build/lunabot_one': CMAKE_PREFIX_PATH=${CMAKE_PREFIX_PATH}:/opt/ros/jazzy DEBUGINFOD_URLS=https://debuginfod.ubuntu.com /usr/bin/cmake --build /home/alexanderh/ros2_ws/src/lunabot_one/build/lunabot_one -- -j4 -l4
[0.069s] Invoked command in '/home/alexanderh/ros2_ws/src/lunabot_one/build/lunabot_one' returned '0': CMAKE_PREFIX_PATH=${CMAKE_PREFIX_PATH}:/opt/ros/jazzy DEBUGINFOD_URLS=https://debuginfod.ubuntu.com /usr/bin/cmake --build /home/alexanderh/ros2_ws/src/lunabot_one/build/lunabot_one -- -j4 -l4
[0.083s] Invoking command in '/home/alexanderh/ros2_ws/src/lunabot_one/build/lunabot_one': CMAKE_PREFIX_PATH=${CMAKE_PREFIX_PATH}:/opt/ros/jazzy DEBUGINFOD_URLS=https://debuginfod.ubuntu.com /usr/bin/cmake --install /home/alexanderh/ros2_ws/src/lunabot_one/build/lunabot_one
[0.095s] -- Install configuration: ""
[0.095s] -- Up-to-date: /home/alexanderh/ros2_ws/src/lunabot_one/install/lunabot_one/share/lunabot_one/config
[0.095s] -- Up-to-date: /home/alexanderh/ros2_ws/src/lunabot_one/install/lunabot_one/share/lunabot_one/config/simple_mapping.rviz
[0.095s] -- Up-to-date: /home/alexanderh/ros2_ws/src/lunabot_one/install/lunabot_one/share/lunabot_one/config/gaz_ros2_ctl_use_sim.yaml
[0.095s] -- Up-to-date: /home/alexanderh/ros2_ws/src/lunabot_one/install/lunabot_one/share/lunabot_one/config/control
[0.095s] -- Up-to-date: /home/alexanderh/ros2_ws/src/lunabot_one/install/lunabot_one/share/lunabot_one/config/control/joystick.yaml
[0.095s] -- Up-to-date: /home/alexanderh/ros2_ws/src/lunabot_one/install/lunabot_one/share/lunabot_one/config/control/my_controllers.yaml
[0.095s] -- Up-to-date: /home/alexanderh/ros2_ws/src/lunabot_one/install/lunabot_one/share/lunabot_one/config/control/twist_mux.yaml
[0.096s] -- Up-to-date: /home/alexanderh/ros2_ws/src/lunabot_one/install/lunabot_one/share/lunabot_one/config/empty.yaml
[0.096s] -- Up-to-date: /home/alexanderh/ros2_ws/src/lunabot_one/install/lunabot_one/share/lunabot_one/config/rviz
[0.096s] -- Up-to-date: /home/alexanderh/ros2_ws/src/lunabot_one/install/lunabot_one/share/lunabot_one/config/rviz/main.rviz
[0.096s] -- Up-to-date: /home/alexanderh/ros2_ws/src/lunabot_one/install/lunabot_one/share/lunabot_one/config/rviz/drive_bot.rviz
[0.096s] -- Up-to-date: /home/alexanderh/ros2_ws/src/lunabot_one/install/lunabot_one/share/lunabot_one/config/rviz/map.rviz
[0.096s] -- Up-to-date: /home/alexanderh/ros2_ws/src/lunabot_one/install/lunabot_one/share/lunabot_one/config/rviz/view_bot.rviz
[0.096s] -- Up-to-date: /home/alexanderh/ros2_ws/src/lunabot_one/install/lunabot_one/share/lunabot_one/config/params
[0.096s] -- Up-to-date: /home/alexanderh/ros2_ws/src/lunabot_one/install/lunabot_one/share/lunabot_one/config/params/nav2_params.yaml
[0.096s] -- Up-to-date: /home/alexanderh/ros2_ws/src/lunabot_one/install/lunabot_one/share/lunabot_one/config/params/ball_tracker_params_sim.yaml
[0.097s] -- Up-to-date: /home/alexanderh/ros2_ws/src/lunabot_one/install/lunabot_one/share/lunabot_one/config/params/mapper_params_online_async.yaml
[0.097s] -- Up-to-date: /home/alexanderh/ros2_ws/src/lunabot_one/install/lunabot_one/share/lunabot_one/config/params/ball_tracker_params_robot.yaml
[0.097s] -- Up-to-date: /home/alexanderh/ros2_ws/src/lunabot_one/install/lunabot_one/share/lunabot_one/config/params/mapper_params_multi_sensor.yaml
[0.097s] -- Up-to-date: /home/alexanderh/ros2_ws/src/lunabot_one/install/lunabot_one/share/lunabot_one/config/gz_bridge.yaml
[0.097s] -- Up-to-date: /home/alexanderh/ros2_ws/src/lunabot_one/install/lunabot_one/share/lunabot_one/description
[0.097s] -- Up-to-date: /home/alexanderh/ros2_ws/src/lunabot_one/install/lunabot_one/share/lunabot_one/description/face.xacro
[0.097s] -- Up-to-date: /home/alexanderh/ros2_ws/src/lunabot_one/install/lunabot_one/share/lunabot_one/description/ros2_control.xacro
[0.097s] -- Up-to-date: /home/alexanderh/ros2_ws/src/lunabot_one/install/lunabot_one/share/lunabot_one/description/gazebo_control.xacro
[0.098s] -- Up-to-date: /home/alexanderh/ros2_ws/src/lunabot_one/install/lunabot_one/share/lunabot_one/description/lidar.xacro
[0.098s] -- Up-to-date: /home/alexanderh/ros2_ws/src/lunabot_one/install/lunabot_one/share/lunabot_one/description/robot_core.xacro
[0.098s] -- Up-to-date: /home/alexanderh/ros2_ws/src/lunabot_one/install/lunabot_one/share/lunabot_one/description/robot.urdf.xacro
[0.098s] -- Up-to-date: /home/alexanderh/ros2_ws/src/lunabot_one/install/lunabot_one/share/lunabot_one/description/depth_camera.xacro
[0.098s] -- Up-to-date: /home/alexanderh/ros2_ws/src/lunabot_one/install/lunabot_one/share/lunabot_one/description/camera.xacro
[0.098s] -- Up-to-date: /home/alexanderh/ros2_ws/src/lunabot_one/install/lunabot_one/share/lunabot_one/description/inertial_macros.xacro
[0.099s] -- Up-to-date: /home/alexanderh/ros2_ws/src/lunabot_one/install/lunabot_one/share/lunabot_one/launch
[0.099s] -- Up-to-date: /home/alexanderh/ros2_ws/src/lunabot_one/install/lunabot_one/share/lunabot_one/launch/standalone_map_server.py
[0.100s] -- Up-to-date: /home/alexanderh/ros2_ws/src/lunabot_one/install/lunabot_one/share/lunabot_one/launch/robot.launch.py
[0.100s] -- Up-to-date: /home/alexanderh/ros2_ws/src/lunabot_one/install/lunabot_one/share/lunabot_one/launch/minimal_navigation_launch.py
[0.100s] -- Up-to-date: /home/alexanderh/ros2_ws/src/lunabot_one/install/lunabot_one/share/lunabot_one/launch/localization_launch.py
[0.101s] -- Up-to-date: /home/alexanderh/ros2_ws/src/lunabot_one/install/lunabot_one/share/lunabot_one/launch/rtabmap_slam.launch.py
[0.101s] -- Up-to-date: /home/alexanderh/ros2_ws/src/lunabot_one/install/lunabot_one/share/lunabot_one/launch/joystick.launch.py
[0.101s] -- Up-to-date: /home/alexanderh/ros2_ws/src/lunabot_one/install/lunabot_one/share/lunabot_one/launch/rplidar.launch.py
[0.101s] -- Up-to-date: /home/alexanderh/ros2_ws/src/lunabot_one/install/lunabot_one/share/lunabot_one/launch/navigation_launch.py
[0.101s] -- Up-to-date: /home/alexanderh/ros2_ws/src/lunabot_one/install/lunabot_one/share/lunabot_one/launch/rsp.launch.py
[0.101s] -- Up-to-date: /home/alexanderh/ros2_ws/src/lunabot_one/install/lunabot_one/share/lunabot_one/launch/multi_sensor_slam.launch.py
[0.101s] -- Up-to-date: /home/alexanderh/ros2_ws/src/lunabot_one/install/lunabot_one/share/lunabot_one/launch/simulation.launch.py
[0.102s] -- Up-to-date: /home/alexanderh/ros2_ws/src/lunabot_one/install/lunabot_one/share/lunabot_one/launch/online_async_launch.py
[0.102s] -- Up-to-date: /home/alexanderh/ros2_ws/src/lunabot_one/install/lunabot_one/share/lunabot_one/launch/camera.launch.py
[0.102s] -- Up-to-date: /home/alexanderh/ros2_ws/src/lunabot_one/install/lunabot_one/share/lunabot_one/launch/ball_tracker.launch.py
[0.102s] -- Up-to-date: /home/alexanderh/ros2_ws/src/lunabot_one/install/lunabot_one/share/lunabot_one/launch/simple_navigation_launch.py
[0.102s] -- Up-to-date: /home/alexanderh/ros2_ws/src/lunabot_one/install/lunabot_one/share/lunabot_one/launch/full_navigation_launch.py
[0.102s] -- Up-to-date: /home/alexanderh/ros2_ws/src/lunabot_one/install/lunabot_one/share/lunabot_one/worlds
[0.102s] -- Up-to-date: /home/alexanderh/ros2_ws/src/lunabot_one/install/lunabot_one/share/lunabot_one/worlds/obstacles.world
[0.102s] -- Up-to-date: /home/alexanderh/ros2_ws/src/lunabot_one/install/lunabot_one/share/lunabot_one/worlds/empty.world
[0.103s] -- Up-to-date: /home/alexanderh/ros2_ws/src/lunabot_one/install/lunabot_one/lib/lunabot_one/lunabot_joy_teleop
[0.103s] -- Up-to-date: /home/alexanderh/ros2_ws/src/lunabot_one/install/lunabot_one/lib/lunabot_one/twist_to_stamped_relay
[0.103s] -- Up-to-date: /home/alexanderh/ros2_ws/src/lunabot_one/install/lunabot_one/lib/lunabot_one/turning_diagnostics
[0.103s] -- Up-to-date: /home/alexanderh/ros2_ws/src/lunabot_one/install/lunabot_one/share/ament_index/resource_index/package_run_dependencies/lunabot_one
[0.104s] -- Up-to-date: /home/alexanderh/ros2_ws/src/lunabot_one/install/lunabot_one/share/ament_index/resource_index/parent_prefix_path/lunabot_one
[0.104s] -- Up-to-date: /home/alexanderh/ros2_ws/src/lunabot_one/install/lunabot_one/share/lunabot_one/environment/ament_prefix_path.sh
[0.104s] -- Up-to-date: /home/alexanderh/ros2_ws/src/lunabot_one/install/lunabot_one/share/lunabot_one/environment/ament_prefix_path.dsv
[0.104s] -- Up-to-date: /home/alexanderh/ros2_ws/src/lunabot_one/install/lunabot_one/share/lunabot_one/environment/path.sh
[0.104s] -- Up-to-date: /home/alexanderh/ros2_ws/src/lunabot_one/install/lunabot_one/share/lunabot_one/environment/path.dsv
[0.104s] -- Up-to-date: /home/alexanderh/ros2_ws/src/lunabot_one/install/lunabot_one/share/lunabot_one/local_setup.bash
[0.104s] -- Up-to-date: /home/alexanderh/ros2_ws/src/lunabot_one/install/lunabot_one/share/lunabot_one/local_setup.sh
[0.105s] -- Up-to-date: /home/alexanderh/ros2_ws/src/lunabot_one/install/lunabot_one/share/lunabot_one/local_setup.zsh
[0.105s] -- Up-to-date: /home/alexanderh/ros2_ws/src/lunabot_one/install/lunabot_one/share/lunabot_one/local_setup.dsv
[0.105s] -- Installing: /home/alexanderh/ros2_ws/src/lunabot_one/install/lunabot_one/share/lunabot_one/package.dsv
[0.105s] -- Up-to-date: /home/alexanderh/ros2_ws/src/lunabot_one/install/lunabot_one/share/ament_index/resource_index/packages/lunabot_one
[0.105s] -- Up-to-date: /home/alexanderh/ros2_ws/src/lunabot_one/install/lunabot_one/share/lunabot_one/cmake/lunabot_oneConfig.cmake
[0.105s] -- Up-to-date: /home/alexanderh/ros2_ws/src/lunabot_one/install/lunabot_one/share/lunabot_one/cmake/lunabot_oneConfig-version.cmake
[0.105s] -- Up-to-date: /home/alexanderh/ros2_ws/src/lunabot_one/install/lunabot_one/share/lunabot_one/package.xml
[0.106s] Invoked command in '/home/alexanderh/ros2_ws/src/lunabot_one/build/lunabot_one' returned '0': CMAKE_PREFIX_PATH=${CMAKE_PREFIX_PATH}:/opt/ros/jazzy DEBUGINFOD_URLS=https://debuginfod.ubuntu.com /usr/bin/cmake --install /home/alexanderh/ros2_ws/src/lunabot_one/build/lunabot_one
