-- Install configuration: ""
-- Up-to-date: /home/alexanderh/ros2_ws/src/lunabot_one/install/lunabot_one/share/lunabot_one/config
-- Up-to-date: /home/alexanderh/ros2_ws/src/lunabot_one/install/lunabot_one/share/lunabot_one/config/simple_mapping.rviz
-- Up-to-date: /home/alexanderh/ros2_ws/src/lunabot_one/install/lunabot_one/share/lunabot_one/config/gaz_ros2_ctl_use_sim.yaml
-- Up-to-date: /home/alexanderh/ros2_ws/src/lunabot_one/install/lunabot_one/share/lunabot_one/config/control
-- Up-to-date: /home/alexanderh/ros2_ws/src/lunabot_one/install/lunabot_one/share/lunabot_one/config/control/joystick.yaml
-- Up-to-date: /home/alexanderh/ros2_ws/src/lunabot_one/install/lunabot_one/share/lunabot_one/config/control/my_controllers.yaml
-- Up-to-date: /home/alexanderh/ros2_ws/src/lunabot_one/install/lunabot_one/share/lunabot_one/config/control/twist_mux.yaml
-- Up-to-date: /home/alexanderh/ros2_ws/src/lunabot_one/install/lunabot_one/share/lunabot_one/config/empty.yaml
-- Up-to-date: /home/alexanderh/ros2_ws/src/lunabot_one/install/lunabot_one/share/lunabot_one/config/rviz
-- Up-to-date: /home/alexanderh/ros2_ws/src/lunabot_one/install/lunabot_one/share/lunabot_one/config/rviz/main.rviz
-- Up-to-date: /home/alexanderh/ros2_ws/src/lunabot_one/install/lunabot_one/share/lunabot_one/config/rviz/drive_bot.rviz
-- Up-to-date: /home/alexanderh/ros2_ws/src/lunabot_one/install/lunabot_one/share/lunabot_one/config/rviz/map.rviz
-- Up-to-date: /home/alexanderh/ros2_ws/src/lunabot_one/install/lunabot_one/share/lunabot_one/config/rviz/view_bot.rviz
-- Up-to-date: /home/alexanderh/ros2_ws/src/lunabot_one/install/lunabot_one/share/lunabot_one/config/params
-- Up-to-date: /home/alexanderh/ros2_ws/src/lunabot_one/install/lunabot_one/share/lunabot_one/config/params/nav2_params.yaml
-- Up-to-date: /home/alexanderh/ros2_ws/src/lunabot_one/install/lunabot_one/share/lunabot_one/config/params/ball_tracker_params_sim.yaml
-- Up-to-date: /home/alexanderh/ros2_ws/src/lunabot_one/install/lunabot_one/share/lunabot_one/config/params/mapper_params_online_async.yaml
-- Up-to-date: /home/alexanderh/ros2_ws/src/lunabot_one/install/lunabot_one/share/lunabot_one/config/params/ball_tracker_params_robot.yaml
-- Up-to-date: /home/alexanderh/ros2_ws/src/lunabot_one/install/lunabot_one/share/lunabot_one/config/params/mapper_params_multi_sensor.yaml
-- Up-to-date: /home/alexanderh/ros2_ws/src/lunabot_one/install/lunabot_one/share/lunabot_one/config/gz_bridge.yaml
-- Up-to-date: /home/alexanderh/ros2_ws/src/lunabot_one/install/lunabot_one/share/lunabot_one/description
-- Up-to-date: /home/alexanderh/ros2_ws/src/lunabot_one/install/lunabot_one/share/lunabot_one/description/face.xacro
-- Up-to-date: /home/alexanderh/ros2_ws/src/lunabot_one/install/lunabot_one/share/lunabot_one/description/ros2_control.xacro
-- Up-to-date: /home/alexanderh/ros2_ws/src/lunabot_one/install/lunabot_one/share/lunabot_one/description/gazebo_control.xacro
-- Up-to-date: /home/alexanderh/ros2_ws/src/lunabot_one/install/lunabot_one/share/lunabot_one/description/lidar.xacro
-- Up-to-date: /home/alexanderh/ros2_ws/src/lunabot_one/install/lunabot_one/share/lunabot_one/description/robot_core.xacro
-- Up-to-date: /home/alexanderh/ros2_ws/src/lunabot_one/install/lunabot_one/share/lunabot_one/description/robot.urdf.xacro
-- Up-to-date: /home/alexanderh/ros2_ws/src/lunabot_one/install/lunabot_one/share/lunabot_one/description/depth_camera.xacro
-- Up-to-date: /home/alexanderh/ros2_ws/src/lunabot_one/install/lunabot_one/share/lunabot_one/description/camera.xacro
-- Up-to-date: /home/alexanderh/ros2_ws/src/lunabot_one/install/lunabot_one/share/lunabot_one/description/inertial_macros.xacro
-- Up-to-date: /home/alexanderh/ros2_ws/src/lunabot_one/install/lunabot_one/share/lunabot_one/launch
-- Up-to-date: /home/alexanderh/ros2_ws/src/lunabot_one/install/lunabot_one/share/lunabot_one/launch/standalone_map_server.py
-- Up-to-date: /home/alexanderh/ros2_ws/src/lunabot_one/install/lunabot_one/share/lunabot_one/launch/robot.launch.py
-- Up-to-date: /home/alexanderh/ros2_ws/src/lunabot_one/install/lunabot_one/share/lunabot_one/launch/minimal_navigation_launch.py
-- Up-to-date: /home/alexanderh/ros2_ws/src/lunabot_one/install/lunabot_one/share/lunabot_one/launch/localization_launch.py
-- Installing: /home/alexanderh/ros2_ws/src/lunabot_one/install/lunabot_one/share/lunabot_one/launch/rtabmap_slam.launch.py
-- Up-to-date: /home/alexanderh/ros2_ws/src/lunabot_one/install/lunabot_one/share/lunabot_one/launch/joystick.launch.py
-- Up-to-date: /home/alexanderh/ros2_ws/src/lunabot_one/install/lunabot_one/share/lunabot_one/launch/rplidar.launch.py
-- Up-to-date: /home/alexanderh/ros2_ws/src/lunabot_one/install/lunabot_one/share/lunabot_one/launch/navigation_launch.py
-- Up-to-date: /home/alexanderh/ros2_ws/src/lunabot_one/install/lunabot_one/share/lunabot_one/launch/rsp.launch.py
-- Up-to-date: /home/alexanderh/ros2_ws/src/lunabot_one/install/lunabot_one/share/lunabot_one/launch/multi_sensor_slam.launch.py
-- Up-to-date: /home/alexanderh/ros2_ws/src/lunabot_one/install/lunabot_one/share/lunabot_one/launch/simulation.launch.py
-- Up-to-date: /home/alexanderh/ros2_ws/src/lunabot_one/install/lunabot_one/share/lunabot_one/launch/online_async_launch.py
-- Up-to-date: /home/alexanderh/ros2_ws/src/lunabot_one/install/lunabot_one/share/lunabot_one/launch/camera.launch.py
-- Up-to-date: /home/alexanderh/ros2_ws/src/lunabot_one/install/lunabot_one/share/lunabot_one/launch/ball_tracker.launch.py
-- Up-to-date: /home/alexanderh/ros2_ws/src/lunabot_one/install/lunabot_one/share/lunabot_one/launch/simple_navigation_launch.py
-- Up-to-date: /home/alexanderh/ros2_ws/src/lunabot_one/install/lunabot_one/share/lunabot_one/launch/full_navigation_launch.py
-- Up-to-date: /home/alexanderh/ros2_ws/src/lunabot_one/install/lunabot_one/share/lunabot_one/worlds
-- Up-to-date: /home/alexanderh/ros2_ws/src/lunabot_one/install/lunabot_one/share/lunabot_one/worlds/obstacles.world
-- Up-to-date: /home/alexanderh/ros2_ws/src/lunabot_one/install/lunabot_one/share/lunabot_one/worlds/empty.world
-- Up-to-date: /home/alexanderh/ros2_ws/src/lunabot_one/install/lunabot_one/lib/lunabot_one/lunabot_joy_teleop
-- Up-to-date: /home/alexanderh/ros2_ws/src/lunabot_one/install/lunabot_one/lib/lunabot_one/twist_to_stamped_relay
-- Up-to-date: /home/alexanderh/ros2_ws/src/lunabot_one/install/lunabot_one/lib/lunabot_one/turning_diagnostics
-- Up-to-date: /home/alexanderh/ros2_ws/src/lunabot_one/install/lunabot_one/share/ament_index/resource_index/package_run_dependencies/lunabot_one
-- Up-to-date: /home/alexanderh/ros2_ws/src/lunabot_one/install/lunabot_one/share/ament_index/resource_index/parent_prefix_path/lunabot_one
-- Up-to-date: /home/alexanderh/ros2_ws/src/lunabot_one/install/lunabot_one/share/lunabot_one/environment/ament_prefix_path.sh
-- Up-to-date: /home/alexanderh/ros2_ws/src/lunabot_one/install/lunabot_one/share/lunabot_one/environment/ament_prefix_path.dsv
-- Up-to-date: /home/alexanderh/ros2_ws/src/lunabot_one/install/lunabot_one/share/lunabot_one/environment/path.sh
-- Up-to-date: /home/alexanderh/ros2_ws/src/lunabot_one/install/lunabot_one/share/lunabot_one/environment/path.dsv
-- Up-to-date: /home/alexanderh/ros2_ws/src/lunabot_one/install/lunabot_one/share/lunabot_one/local_setup.bash
-- Up-to-date: /home/alexanderh/ros2_ws/src/lunabot_one/install/lunabot_one/share/lunabot_one/local_setup.sh
-- Up-to-date: /home/alexanderh/ros2_ws/src/lunabot_one/install/lunabot_one/share/lunabot_one/local_setup.zsh
-- Up-to-date: /home/alexanderh/ros2_ws/src/lunabot_one/install/lunabot_one/share/lunabot_one/local_setup.dsv
-- Installing: /home/alexanderh/ros2_ws/src/lunabot_one/install/lunabot_one/share/lunabot_one/package.dsv
-- Up-to-date: /home/alexanderh/ros2_ws/src/lunabot_one/install/lunabot_one/share/ament_index/resource_index/packages/lunabot_one
-- Up-to-date: /home/alexanderh/ros2_ws/src/lunabot_one/install/lunabot_one/share/lunabot_one/cmake/lunabot_oneConfig.cmake
-- Up-to-date: /home/alexanderh/ros2_ws/src/lunabot_one/install/lunabot_one/share/lunabot_one/cmake/lunabot_oneConfig-version.cmake
-- Up-to-date: /home/alexanderh/ros2_ws/src/lunabot_one/install/lunabot_one/share/lunabot_one/package.xml
