[0.114s] DEBUG:colcon:Command line arguments: ['/usr/bin/colcon', 'build', '--packages-select', 'lunabot_one']
[0.114s] DEBUG:colcon:Parsed command line arguments: Namespace(log_base=None, log_level=None, verb_name='build', build_base='build', install_base='install', merge_install=False, symlink_install=False, test_result_base=None, continue_on_error=False, executor='parallel', parallel_workers=4, event_handlers=None, ignore_user_meta=False, metas=['./colcon.meta'], base_paths=['.'], packages_ignore=None, packages_ignore_regex=None, paths=None, packages_up_to=None, packages_up_to_regex=None, packages_above=None, packages_above_and_dependencies=None, packages_above_depth=None, packages_select_by_dep=None, packages_skip_by_dep=None, packages_skip_up_to=None, packages_select_build_failed=False, packages_skip_build_finished=False, packages_select_test_failures=False, packages_skip_test_passed=False, packages_select=['lunabot_one'], packages_skip=None, packages_select_regex=None, packages_skip_regex=None, packages_start=None, packages_end=None, allow_overriding=[], cmake_args=None, cmake_target=None, cmake_target_skip_unavailable=False, cmake_clean_cache=False, cmake_clean_first=False, cmake_force_configure=False, ament_cmake_args=None, catkin_cmake_args=None, catkin_skip_building_tests=False, mixin_files=None, mixin=None, verb_parser=<colcon_mixin.mixin.mixin_argument.MixinArgumentDecorator object at 0x7f314d183d10>, verb_extension=<colcon_core.verb.build.BuildVerb object at 0x7f314d2cc470>, main=<bound method BuildVerb.main of <colcon_core.verb.build.BuildVerb object at 0x7f314d2cc470>>, mixin_verb=('build',))
[0.153s] Level 1:colcon.colcon_core.package_discovery:discover_packages(colcon_meta) check parameters
[0.154s] Level 1:colcon.colcon_core.package_discovery:discover_packages(recursive) check parameters
[0.154s] Level 1:colcon.colcon_core.package_discovery:discover_packages(ignore) check parameters
[0.154s] Level 1:colcon.colcon_core.package_discovery:discover_packages(path) check parameters
[0.154s] Level 1:colcon.colcon_core.package_discovery:discover_packages(colcon_meta) discover
[0.154s] Level 1:colcon.colcon_core.package_discovery:discover_packages(recursive) discover
[0.154s] INFO:colcon.colcon_core.package_discovery:Crawling recursively for packages in '/home/alexanderh/ros2_ws/src/lunabot_one'
[0.154s] Level 1:colcon.colcon_core.package_identification:_identify(.) by extensions ['ignore', 'ignore_ament_install']
[0.154s] Level 1:colcon.colcon_core.package_identification:_identify(.) by extension 'ignore'
[0.154s] Level 1:colcon.colcon_core.package_identification:_identify(.) by extension 'ignore_ament_install'
[0.154s] Level 1:colcon.colcon_core.package_identification:_identify(.) by extensions ['colcon_pkg']
[0.154s] Level 1:colcon.colcon_core.package_identification:_identify(.) by extension 'colcon_pkg'
[0.154s] Level 1:colcon.colcon_core.package_identification:_identify(.) by extensions ['colcon_meta']
[0.154s] Level 1:colcon.colcon_core.package_identification:_identify(.) by extension 'colcon_meta'
[0.154s] Level 1:colcon.colcon_core.package_identification:_identify(.) by extensions ['ros']
[0.154s] Level 1:colcon.colcon_core.package_identification:_identify(.) by extension 'ros'
[0.183s] DEBUG:colcon.colcon_core.package_identification:Package '.' with type 'ros.ament_cmake' and name 'lunabot_one'
[0.183s] Level 1:colcon.colcon_core.package_discovery:discover_packages(recursive) using defaults
[0.183s] Level 1:colcon.colcon_core.package_discovery:discover_packages(ignore) discover
[0.183s] Level 1:colcon.colcon_core.package_discovery:discover_packages(ignore) using defaults
[0.183s] Level 1:colcon.colcon_core.package_discovery:discover_packages(path) discover
[0.183s] Level 1:colcon.colcon_core.package_discovery:discover_packages(path) using defaults
[0.201s] Level 1:colcon.colcon_core.package_discovery:discover_packages(prefix_path) check parameters
[0.201s] Level 1:colcon.colcon_core.package_discovery:discover_packages(prefix_path) discover
[0.205s] DEBUG:colcon.colcon_installed_package_information.package_discovery:Found 1 installed packages in /home/alexanderh/ros2_ws/src/lunabot_one/install
[0.206s] DEBUG:colcon.colcon_installed_package_information.package_discovery:Found 14 installed packages in /home/alexanderh/ros2_ws/install
[0.209s] DEBUG:colcon.colcon_installed_package_information.package_discovery:Found 21 installed packages in /home/alexanderh/install
[0.212s] DEBUG:colcon.colcon_installed_package_information.package_discovery:Found 461 installed packages in /opt/ros/jazzy
[0.213s] Level 1:colcon.colcon_core.package_discovery:discover_packages(prefix_path) using defaults
[0.303s] Level 5:colcon.colcon_core.verb:set package 'lunabot_one' build argument 'cmake_args' from command line to 'None'
[0.303s] Level 5:colcon.colcon_core.verb:set package 'lunabot_one' build argument 'cmake_target' from command line to 'None'
[0.303s] Level 5:colcon.colcon_core.verb:set package 'lunabot_one' build argument 'cmake_target_skip_unavailable' from command line to 'False'
[0.303s] Level 5:colcon.colcon_core.verb:set package 'lunabot_one' build argument 'cmake_clean_cache' from command line to 'False'
[0.303s] Level 5:colcon.colcon_core.verb:set package 'lunabot_one' build argument 'cmake_clean_first' from command line to 'False'
[0.303s] Level 5:colcon.colcon_core.verb:set package 'lunabot_one' build argument 'cmake_force_configure' from command line to 'False'
[0.303s] Level 5:colcon.colcon_core.verb:set package 'lunabot_one' build argument 'ament_cmake_args' from command line to 'None'
[0.303s] Level 5:colcon.colcon_core.verb:set package 'lunabot_one' build argument 'catkin_cmake_args' from command line to 'None'
[0.303s] Level 5:colcon.colcon_core.verb:set package 'lunabot_one' build argument 'catkin_skip_building_tests' from command line to 'False'
[0.303s] DEBUG:colcon.colcon_core.verb:Building package 'lunabot_one' with the following arguments: {'ament_cmake_args': None, 'build_base': '/home/alexanderh/ros2_ws/src/lunabot_one/build/lunabot_one', 'catkin_cmake_args': None, 'catkin_skip_building_tests': False, 'cmake_args': None, 'cmake_clean_cache': False, 'cmake_clean_first': False, 'cmake_force_configure': False, 'cmake_target': None, 'cmake_target_skip_unavailable': False, 'install_base': '/home/alexanderh/ros2_ws/src/lunabot_one/install/lunabot_one', 'merge_install': False, 'path': '/home/alexanderh/ros2_ws/src/lunabot_one', 'symlink_install': False, 'test_result_base': None}
[0.303s] INFO:colcon.colcon_core.executor:Executing jobs using 'parallel' executor
[0.304s] DEBUG:colcon.colcon_parallel_executor.executor.parallel:run_until_complete
[0.304s] INFO:colcon.colcon_ros.task.ament_cmake.build:Building ROS package in '/home/alexanderh/ros2_ws/src/lunabot_one' with build type 'ament_cmake'
[0.305s] INFO:colcon.colcon_cmake.task.cmake.build:Building CMake package in '/home/alexanderh/ros2_ws/src/lunabot_one'
[0.307s] INFO:colcon.colcon_core.plugin_system:Skipping extension 'colcon_core.shell.bat': Not used on non-Windows systems
[0.307s] INFO:colcon.colcon_core.shell:Skip shell extension 'powershell' for command environment: Not usable outside of PowerShell
[0.307s] DEBUG:colcon.colcon_core.shell:Skip shell extension 'dsv' for command environment
[0.324s] DEBUG:colcon.colcon_core.event_handler.log_command:Invoking command in '/home/alexanderh/ros2_ws/src/lunabot_one/build/lunabot_one': CMAKE_PREFIX_PATH=${CMAKE_PREFIX_PATH}:/opt/ros/jazzy DEBUGINFOD_URLS=https://debuginfod.ubuntu.com /usr/bin/cmake --build /home/alexanderh/ros2_ws/src/lunabot_one/build/lunabot_one -- -j4 -l4
[0.380s] DEBUG:colcon.colcon_core.event_handler.log_command:Invoked command in '/home/alexanderh/ros2_ws/src/lunabot_one/build/lunabot_one' returned '0': CMAKE_PREFIX_PATH=${CMAKE_PREFIX_PATH}:/opt/ros/jazzy DEBUGINFOD_URLS=https://debuginfod.ubuntu.com /usr/bin/cmake --build /home/alexanderh/ros2_ws/src/lunabot_one/build/lunabot_one -- -j4 -l4
[0.394s] DEBUG:colcon.colcon_core.event_handler.log_command:Invoking command in '/home/alexanderh/ros2_ws/src/lunabot_one/build/lunabot_one': CMAKE_PREFIX_PATH=${CMAKE_PREFIX_PATH}:/opt/ros/jazzy DEBUGINFOD_URLS=https://debuginfod.ubuntu.com /usr/bin/cmake --install /home/alexanderh/ros2_ws/src/lunabot_one/build/lunabot_one
[0.412s] Level 1:colcon.colcon_core.environment:create_environment_scripts_only(lunabot_one)
[0.415s] DEBUG:colcon.colcon_core.event_handler.log_command:Invoked command in '/home/alexanderh/ros2_ws/src/lunabot_one/build/lunabot_one' returned '0': CMAKE_PREFIX_PATH=${CMAKE_PREFIX_PATH}:/opt/ros/jazzy DEBUGINFOD_URLS=https://debuginfod.ubuntu.com /usr/bin/cmake --install /home/alexanderh/ros2_ws/src/lunabot_one/build/lunabot_one
[0.417s] Level 1:colcon.colcon_core.environment:checking '/home/alexanderh/ros2_ws/src/lunabot_one/install/lunabot_one' for CMake module files
[0.418s] Level 1:colcon.colcon_core.environment:checking '/home/alexanderh/ros2_ws/src/lunabot_one/install/lunabot_one' for CMake config files
[0.419s] Level 1:colcon.colcon_core.shell:create_environment_hook('lunabot_one', 'cmake_prefix_path')
[0.419s] INFO:colcon.colcon_core.shell:Creating environment hook '/home/alexanderh/ros2_ws/src/lunabot_one/install/lunabot_one/share/lunabot_one/hook/cmake_prefix_path.ps1'
[0.420s] INFO:colcon.colcon_core.shell:Creating environment descriptor '/home/alexanderh/ros2_ws/src/lunabot_one/install/lunabot_one/share/lunabot_one/hook/cmake_prefix_path.dsv'
[0.421s] INFO:colcon.colcon_core.shell:Creating environment hook '/home/alexanderh/ros2_ws/src/lunabot_one/install/lunabot_one/share/lunabot_one/hook/cmake_prefix_path.sh'
[0.421s] Level 1:colcon.colcon_core.environment:checking '/home/alexanderh/ros2_ws/src/lunabot_one/install/lunabot_one/lib'
[0.422s] Level 1:colcon.colcon_core.environment:checking '/home/alexanderh/ros2_ws/src/lunabot_one/install/lunabot_one/bin'
[0.422s] Level 1:colcon.colcon_core.environment:checking '/home/alexanderh/ros2_ws/src/lunabot_one/install/lunabot_one/lib/pkgconfig/lunabot_one.pc'
[0.422s] Level 1:colcon.colcon_core.environment:checking '/home/alexanderh/ros2_ws/src/lunabot_one/install/lunabot_one/lib/python3.12/site-packages'
[0.422s] Level 1:colcon.colcon_core.environment:checking '/home/alexanderh/ros2_ws/src/lunabot_one/install/lunabot_one/bin'
[0.422s] INFO:colcon.colcon_core.shell:Creating package script '/home/alexanderh/ros2_ws/src/lunabot_one/install/lunabot_one/share/lunabot_one/package.ps1'
[0.423s] INFO:colcon.colcon_core.shell:Creating package descriptor '/home/alexanderh/ros2_ws/src/lunabot_one/install/lunabot_one/share/lunabot_one/package.dsv'
[0.424s] INFO:colcon.colcon_core.shell:Creating package script '/home/alexanderh/ros2_ws/src/lunabot_one/install/lunabot_one/share/lunabot_one/package.sh'
[0.424s] INFO:colcon.colcon_core.shell:Creating package script '/home/alexanderh/ros2_ws/src/lunabot_one/install/lunabot_one/share/lunabot_one/package.bash'
[0.425s] INFO:colcon.colcon_core.shell:Creating package script '/home/alexanderh/ros2_ws/src/lunabot_one/install/lunabot_one/share/lunabot_one/package.zsh'
[0.426s] Level 1:colcon.colcon_core.environment:create_file_with_runtime_dependencies(/home/alexanderh/ros2_ws/src/lunabot_one/install/lunabot_one/share/colcon-core/packages/lunabot_one)
[0.427s] Level 1:colcon.colcon_core.environment:create_environment_scripts_only(lunabot_one)
[0.427s] Level 1:colcon.colcon_core.environment:checking '/home/alexanderh/ros2_ws/src/lunabot_one/install/lunabot_one' for CMake module files
[0.427s] Level 1:colcon.colcon_core.environment:checking '/home/alexanderh/ros2_ws/src/lunabot_one/install/lunabot_one' for CMake config files
[0.428s] Level 1:colcon.colcon_core.shell:create_environment_hook('lunabot_one', 'cmake_prefix_path')
[0.428s] INFO:colcon.colcon_core.shell:Creating environment hook '/home/alexanderh/ros2_ws/src/lunabot_one/install/lunabot_one/share/lunabot_one/hook/cmake_prefix_path.ps1'
[0.428s] INFO:colcon.colcon_core.shell:Creating environment descriptor '/home/alexanderh/ros2_ws/src/lunabot_one/install/lunabot_one/share/lunabot_one/hook/cmake_prefix_path.dsv'
[0.429s] INFO:colcon.colcon_core.shell:Creating environment hook '/home/alexanderh/ros2_ws/src/lunabot_one/install/lunabot_one/share/lunabot_one/hook/cmake_prefix_path.sh'
[0.429s] Level 1:colcon.colcon_core.environment:checking '/home/alexanderh/ros2_ws/src/lunabot_one/install/lunabot_one/lib'
[0.430s] Level 1:colcon.colcon_core.environment:checking '/home/alexanderh/ros2_ws/src/lunabot_one/install/lunabot_one/bin'
[0.430s] Level 1:colcon.colcon_core.environment:checking '/home/alexanderh/ros2_ws/src/lunabot_one/install/lunabot_one/lib/pkgconfig/lunabot_one.pc'
[0.430s] Level 1:colcon.colcon_core.environment:checking '/home/alexanderh/ros2_ws/src/lunabot_one/install/lunabot_one/lib/python3.12/site-packages'
[0.430s] Level 1:colcon.colcon_core.environment:checking '/home/alexanderh/ros2_ws/src/lunabot_one/install/lunabot_one/bin'
[0.430s] INFO:colcon.colcon_core.shell:Creating package script '/home/alexanderh/ros2_ws/src/lunabot_one/install/lunabot_one/share/lunabot_one/package.ps1'
[0.431s] INFO:colcon.colcon_core.shell:Creating package descriptor '/home/alexanderh/ros2_ws/src/lunabot_one/install/lunabot_one/share/lunabot_one/package.dsv'
[0.431s] INFO:colcon.colcon_core.shell:Creating package script '/home/alexanderh/ros2_ws/src/lunabot_one/install/lunabot_one/share/lunabot_one/package.sh'
[0.432s] INFO:colcon.colcon_core.shell:Creating package script '/home/alexanderh/ros2_ws/src/lunabot_one/install/lunabot_one/share/lunabot_one/package.bash'
[0.432s] INFO:colcon.colcon_core.shell:Creating package script '/home/alexanderh/ros2_ws/src/lunabot_one/install/lunabot_one/share/lunabot_one/package.zsh'
[0.433s] Level 1:colcon.colcon_core.environment:create_file_with_runtime_dependencies(/home/alexanderh/ros2_ws/src/lunabot_one/install/lunabot_one/share/colcon-core/packages/lunabot_one)
[0.433s] DEBUG:colcon.colcon_parallel_executor.executor.parallel:closing loop
[0.433s] DEBUG:colcon.colcon_parallel_executor.executor.parallel:loop closed
[0.434s] DEBUG:colcon.colcon_parallel_executor.executor.parallel:run_until_complete finished with '0'
[0.434s] DEBUG:colcon.colcon_core.event_reactor:joining thread
[0.439s] INFO:colcon.colcon_core.plugin_system:Skipping extension 'colcon_notification.desktop_notification.terminal_notifier': Not used on non-Darwin systems
[0.440s] INFO:colcon.colcon_core.plugin_system:Skipping extension 'colcon_notification.desktop_notification.win32': Not used on non-Windows systems
[0.440s] INFO:colcon.colcon_notification.desktop_notification:Sending desktop notification using 'notify2'
[0.472s] DEBUG:colcon.colcon_core.event_reactor:joined thread
[0.472s] INFO:colcon.colcon_core.shell:Creating prefix script '/home/alexanderh/ros2_ws/src/lunabot_one/install/local_setup.ps1'
[0.473s] INFO:colcon.colcon_core.shell:Creating prefix util module '/home/alexanderh/ros2_ws/src/lunabot_one/install/_local_setup_util_ps1.py'
[0.476s] INFO:colcon.colcon_core.shell:Creating prefix chain script '/home/alexanderh/ros2_ws/src/lunabot_one/install/setup.ps1'
[0.481s] INFO:colcon.colcon_core.shell:Creating prefix script '/home/alexanderh/ros2_ws/src/lunabot_one/install/local_setup.sh'
[0.482s] INFO:colcon.colcon_core.shell:Creating prefix util module '/home/alexanderh/ros2_ws/src/lunabot_one/install/_local_setup_util_sh.py'
[0.483s] INFO:colcon.colcon_core.shell:Creating prefix chain script '/home/alexanderh/ros2_ws/src/lunabot_one/install/setup.sh'
[0.486s] INFO:colcon.colcon_core.shell:Creating prefix script '/home/alexanderh/ros2_ws/src/lunabot_one/install/local_setup.bash'
[0.486s] INFO:colcon.colcon_core.shell:Creating prefix chain script '/home/alexanderh/ros2_ws/src/lunabot_one/install/setup.bash'
[0.489s] INFO:colcon.colcon_core.shell:Creating prefix script '/home/alexanderh/ros2_ws/src/lunabot_one/install/local_setup.zsh'
[0.490s] INFO:colcon.colcon_core.shell:Creating prefix chain script '/home/alexanderh/ros2_ws/src/lunabot_one/install/setup.zsh'
