[0.557s] DEBUG:colcon:Command line arguments: ['/usr/bin/colcon', 'build', '--packages-select', 'lunabot_one']
[0.558s] DEBUG:colcon:Parsed command line arguments: Namespace(log_base=None, log_level=None, verb_name='build', build_base='build', install_base='install', merge_install=False, symlink_install=False, test_result_base=None, continue_on_error=False, executor='parallel', parallel_workers=4, event_handlers=None, ignore_user_meta=False, metas=['./colcon.meta'], base_paths=['.'], packages_ignore=None, packages_ignore_regex=None, paths=None, packages_up_to=None, packages_up_to_regex=None, packages_above=None, packages_above_and_dependencies=None, packages_above_depth=None, packages_select_by_dep=None, packages_skip_by_dep=None, packages_skip_up_to=None, packages_select_build_failed=False, packages_skip_build_finished=False, packages_select_test_failures=False, packages_skip_test_passed=False, packages_select=['lunabot_one'], packages_skip=None, packages_select_regex=None, packages_skip_regex=None, packages_start=None, packages_end=None, allow_overriding=[], cmake_args=None, cmake_target=None, cmake_target_skip_unavailable=False, cmake_clean_cache=False, cmake_clean_first=False, cmake_force_configure=False, ament_cmake_args=None, catkin_cmake_args=None, catkin_skip_building_tests=False, mixin_files=None, mixin=None, verb_parser=<colcon_mixin.mixin.mixin_argument.MixinArgumentDecorator object at 0x76726975bb60>, verb_extension=<colcon_core.verb.build.BuildVerb object at 0x767269912180>, main=<bound method BuildVerb.main of <colcon_core.verb.build.BuildVerb object at 0x767269912180>>, mixin_verb=('build',))
[0.752s] Level 1:colcon.colcon_core.package_discovery:discover_packages(colcon_meta) check parameters
[0.754s] Level 1:colcon.colcon_core.package_discovery:discover_packages(recursive) check parameters
[0.756s] Level 1:colcon.colcon_core.package_discovery:discover_packages(ignore) check parameters
[0.757s] Level 1:colcon.colcon_core.package_discovery:discover_packages(path) check parameters
[0.757s] Level 1:colcon.colcon_core.package_discovery:discover_packages(colcon_meta) discover
[0.757s] Level 1:colcon.colcon_core.package_discovery:discover_packages(recursive) discover
[0.758s] INFO:colcon.colcon_core.package_discovery:Crawling recursively for packages in '/home/alexanderh/ros2_ws/src/lunabot_one'
[0.762s] Level 1:colcon.colcon_core.package_identification:_identify(.) by extensions ['ignore', 'ignore_ament_install']
[0.764s] Level 1:colcon.colcon_core.package_identification:_identify(.) by extension 'ignore'
[0.765s] Level 1:colcon.colcon_core.package_identification:_identify(.) by extension 'ignore_ament_install'
[0.768s] Level 1:colcon.colcon_core.package_identification:_identify(.) by extensions ['colcon_pkg']
[0.768s] Level 1:colcon.colcon_core.package_identification:_identify(.) by extension 'colcon_pkg'
[0.768s] Level 1:colcon.colcon_core.package_identification:_identify(.) by extensions ['colcon_meta']
[0.769s] Level 1:colcon.colcon_core.package_identification:_identify(.) by extension 'colcon_meta'
[0.769s] Level 1:colcon.colcon_core.package_identification:_identify(.) by extensions ['ros']
[0.769s] Level 1:colcon.colcon_core.package_identification:_identify(.) by extension 'ros'
[0.913s] DEBUG:colcon.colcon_core.package_identification:Package '.' with type 'ros.ament_cmake' and name 'lunabot_one'
[0.913s] Level 1:colcon.colcon_core.package_discovery:discover_packages(recursive) using defaults
[0.913s] Level 1:colcon.colcon_core.package_discovery:discover_packages(ignore) discover
[0.913s] Level 1:colcon.colcon_core.package_discovery:discover_packages(ignore) using defaults
[0.914s] Level 1:colcon.colcon_core.package_discovery:discover_packages(path) discover
[0.914s] Level 1:colcon.colcon_core.package_discovery:discover_packages(path) using defaults
[0.951s] Level 1:colcon.colcon_core.package_discovery:discover_packages(prefix_path) check parameters
[0.952s] Level 1:colcon.colcon_core.package_discovery:discover_packages(prefix_path) discover
[0.959s] DEBUG:colcon.colcon_installed_package_information.package_discovery:Found 14 installed packages in /home/alexanderh/ros2_ws/install
[0.974s] DEBUG:colcon.colcon_installed_package_information.package_discovery:Found 21 installed packages in /home/alexanderh/install
[0.982s] DEBUG:colcon.colcon_installed_package_information.package_discovery:Found 461 installed packages in /opt/ros/jazzy
[0.986s] Level 1:colcon.colcon_core.package_discovery:discover_packages(prefix_path) using defaults
[1.231s] Level 5:colcon.colcon_core.verb:set package 'lunabot_one' build argument 'cmake_args' from command line to 'None'
[1.232s] Level 5:colcon.colcon_core.verb:set package 'lunabot_one' build argument 'cmake_target' from command line to 'None'
[1.232s] Level 5:colcon.colcon_core.verb:set package 'lunabot_one' build argument 'cmake_target_skip_unavailable' from command line to 'False'
[1.232s] Level 5:colcon.colcon_core.verb:set package 'lunabot_one' build argument 'cmake_clean_cache' from command line to 'False'
[1.232s] Level 5:colcon.colcon_core.verb:set package 'lunabot_one' build argument 'cmake_clean_first' from command line to 'False'
[1.232s] Level 5:colcon.colcon_core.verb:set package 'lunabot_one' build argument 'cmake_force_configure' from command line to 'False'
[1.232s] Level 5:colcon.colcon_core.verb:set package 'lunabot_one' build argument 'ament_cmake_args' from command line to 'None'
[1.232s] Level 5:colcon.colcon_core.verb:set package 'lunabot_one' build argument 'catkin_cmake_args' from command line to 'None'
[1.232s] Level 5:colcon.colcon_core.verb:set package 'lunabot_one' build argument 'catkin_skip_building_tests' from command line to 'False'
[1.233s] DEBUG:colcon.colcon_core.verb:Building package 'lunabot_one' with the following arguments: {'ament_cmake_args': None, 'build_base': '/home/alexanderh/ros2_ws/src/lunabot_one/build/lunabot_one', 'catkin_cmake_args': None, 'catkin_skip_building_tests': False, 'cmake_args': None, 'cmake_clean_cache': False, 'cmake_clean_first': False, 'cmake_force_configure': False, 'cmake_target': None, 'cmake_target_skip_unavailable': False, 'install_base': '/home/alexanderh/ros2_ws/src/lunabot_one/install/lunabot_one', 'merge_install': False, 'path': '/home/alexanderh/ros2_ws/src/lunabot_one', 'symlink_install': False, 'test_result_base': None}
[1.235s] INFO:colcon.colcon_core.executor:Executing jobs using 'parallel' executor
[1.241s] DEBUG:colcon.colcon_parallel_executor.executor.parallel:run_until_complete
[1.241s] INFO:colcon.colcon_ros.task.ament_cmake.build:Building ROS package in '/home/alexanderh/ros2_ws/src/lunabot_one' with build type 'ament_cmake'
[1.244s] INFO:colcon.colcon_cmake.task.cmake.build:Building CMake package in '/home/alexanderh/ros2_ws/src/lunabot_one'
[1.267s] INFO:colcon.colcon_core.plugin_system:Skipping extension 'colcon_core.shell.bat': Not used on non-Windows systems
[1.271s] INFO:colcon.colcon_core.shell:Skip shell extension 'powershell' for command environment: Not usable outside of PowerShell
[1.271s] DEBUG:colcon.colcon_core.shell:Skip shell extension 'dsv' for command environment
[1.330s] DEBUG:colcon.colcon_core.event_handler.log_command:Invoking command in '/home/alexanderh/ros2_ws/src/lunabot_one/build/lunabot_one': CMAKE_PREFIX_PATH=${CMAKE_PREFIX_PATH}:/opt/ros/jazzy DEBUGINFOD_URLS=https://debuginfod.ubuntu.com /usr/bin/cmake --build /home/alexanderh/ros2_ws/src/lunabot_one/build/lunabot_one -- -j4 -l4
[1.616s] DEBUG:colcon.colcon_core.event_handler.log_command:Invoked command in '/home/alexanderh/ros2_ws/src/lunabot_one/build/lunabot_one' returned '0': CMAKE_PREFIX_PATH=${CMAKE_PREFIX_PATH}:/opt/ros/jazzy DEBUGINFOD_URLS=https://debuginfod.ubuntu.com /usr/bin/cmake --build /home/alexanderh/ros2_ws/src/lunabot_one/build/lunabot_one -- -j4 -l4
[1.655s] DEBUG:colcon.colcon_core.event_handler.log_command:Invoking command in '/home/alexanderh/ros2_ws/src/lunabot_one/build/lunabot_one': CMAKE_PREFIX_PATH=${CMAKE_PREFIX_PATH}:/opt/ros/jazzy DEBUGINFOD_URLS=https://debuginfod.ubuntu.com /usr/bin/cmake --install /home/alexanderh/ros2_ws/src/lunabot_one/build/lunabot_one
[1.743s] Level 1:colcon.colcon_core.environment:create_environment_scripts_only(lunabot_one)
[1.788s] DEBUG:colcon.colcon_core.event_handler.log_command:Invoked command in '/home/alexanderh/ros2_ws/src/lunabot_one/build/lunabot_one' returned '0': CMAKE_PREFIX_PATH=${CMAKE_PREFIX_PATH}:/opt/ros/jazzy DEBUGINFOD_URLS=https://debuginfod.ubuntu.com /usr/bin/cmake --install /home/alexanderh/ros2_ws/src/lunabot_one/build/lunabot_one
[1.803s] Level 1:colcon.colcon_core.environment:checking '/home/alexanderh/ros2_ws/src/lunabot_one/install/lunabot_one' for CMake module files
[1.812s] Level 1:colcon.colcon_core.environment:checking '/home/alexanderh/ros2_ws/src/lunabot_one/install/lunabot_one' for CMake config files
[1.824s] Level 1:colcon.colcon_core.shell:create_environment_hook('lunabot_one', 'cmake_prefix_path')
[1.825s] INFO:colcon.colcon_core.shell:Creating environment hook '/home/alexanderh/ros2_ws/src/lunabot_one/install/lunabot_one/share/lunabot_one/hook/cmake_prefix_path.ps1'
[1.831s] INFO:colcon.colcon_core.shell:Creating environment descriptor '/home/alexanderh/ros2_ws/src/lunabot_one/install/lunabot_one/share/lunabot_one/hook/cmake_prefix_path.dsv'
[1.832s] INFO:colcon.colcon_core.shell:Creating environment hook '/home/alexanderh/ros2_ws/src/lunabot_one/install/lunabot_one/share/lunabot_one/hook/cmake_prefix_path.sh'
[1.843s] Level 1:colcon.colcon_core.environment:checking '/home/alexanderh/ros2_ws/src/lunabot_one/install/lunabot_one/lib'
[1.845s] Level 1:colcon.colcon_core.environment:checking '/home/alexanderh/ros2_ws/src/lunabot_one/install/lunabot_one/bin'
[1.845s] Level 1:colcon.colcon_core.environment:checking '/home/alexanderh/ros2_ws/src/lunabot_one/install/lunabot_one/lib/pkgconfig/lunabot_one.pc'
[1.846s] Level 1:colcon.colcon_core.environment:checking '/home/alexanderh/ros2_ws/src/lunabot_one/install/lunabot_one/lib/python3.12/site-packages'
[1.846s] Level 1:colcon.colcon_core.environment:checking '/home/alexanderh/ros2_ws/src/lunabot_one/install/lunabot_one/bin'
[1.847s] INFO:colcon.colcon_core.shell:Creating package script '/home/alexanderh/ros2_ws/src/lunabot_one/install/lunabot_one/share/lunabot_one/package.ps1'
[1.851s] INFO:colcon.colcon_core.shell:Creating package descriptor '/home/alexanderh/ros2_ws/src/lunabot_one/install/lunabot_one/share/lunabot_one/package.dsv'
[1.855s] INFO:colcon.colcon_core.shell:Creating package script '/home/alexanderh/ros2_ws/src/lunabot_one/install/lunabot_one/share/lunabot_one/package.sh'
[1.858s] INFO:colcon.colcon_core.shell:Creating package script '/home/alexanderh/ros2_ws/src/lunabot_one/install/lunabot_one/share/lunabot_one/package.bash'
[1.861s] INFO:colcon.colcon_core.shell:Creating package script '/home/alexanderh/ros2_ws/src/lunabot_one/install/lunabot_one/share/lunabot_one/package.zsh'
[1.863s] Level 1:colcon.colcon_core.environment:create_file_with_runtime_dependencies(/home/alexanderh/ros2_ws/src/lunabot_one/install/lunabot_one/share/colcon-core/packages/lunabot_one)
[1.864s] Level 1:colcon.colcon_core.environment:create_environment_scripts_only(lunabot_one)
[1.865s] Level 1:colcon.colcon_core.environment:checking '/home/alexanderh/ros2_ws/src/lunabot_one/install/lunabot_one' for CMake module files
[1.867s] Level 1:colcon.colcon_core.environment:checking '/home/alexanderh/ros2_ws/src/lunabot_one/install/lunabot_one' for CMake config files
[1.878s] Level 1:colcon.colcon_core.shell:create_environment_hook('lunabot_one', 'cmake_prefix_path')
[1.884s] INFO:colcon.colcon_core.shell:Creating environment hook '/home/alexanderh/ros2_ws/src/lunabot_one/install/lunabot_one/share/lunabot_one/hook/cmake_prefix_path.ps1'
[1.894s] INFO:colcon.colcon_core.shell:Creating environment descriptor '/home/alexanderh/ros2_ws/src/lunabot_one/install/lunabot_one/share/lunabot_one/hook/cmake_prefix_path.dsv'
[1.895s] INFO:colcon.colcon_core.shell:Creating environment hook '/home/alexanderh/ros2_ws/src/lunabot_one/install/lunabot_one/share/lunabot_one/hook/cmake_prefix_path.sh'
[1.897s] Level 1:colcon.colcon_core.environment:checking '/home/alexanderh/ros2_ws/src/lunabot_one/install/lunabot_one/lib'
[1.898s] Level 1:colcon.colcon_core.environment:checking '/home/alexanderh/ros2_ws/src/lunabot_one/install/lunabot_one/bin'
[1.898s] Level 1:colcon.colcon_core.environment:checking '/home/alexanderh/ros2_ws/src/lunabot_one/install/lunabot_one/lib/pkgconfig/lunabot_one.pc'
[1.898s] Level 1:colcon.colcon_core.environment:checking '/home/alexanderh/ros2_ws/src/lunabot_one/install/lunabot_one/lib/python3.12/site-packages'
[1.899s] Level 1:colcon.colcon_core.environment:checking '/home/alexanderh/ros2_ws/src/lunabot_one/install/lunabot_one/bin'
[1.900s] INFO:colcon.colcon_core.shell:Creating package script '/home/alexanderh/ros2_ws/src/lunabot_one/install/lunabot_one/share/lunabot_one/package.ps1'
[1.904s] INFO:colcon.colcon_core.shell:Creating package descriptor '/home/alexanderh/ros2_ws/src/lunabot_one/install/lunabot_one/share/lunabot_one/package.dsv'
[1.915s] INFO:colcon.colcon_core.shell:Creating package script '/home/alexanderh/ros2_ws/src/lunabot_one/install/lunabot_one/share/lunabot_one/package.sh'
[1.921s] INFO:colcon.colcon_core.shell:Creating package script '/home/alexanderh/ros2_ws/src/lunabot_one/install/lunabot_one/share/lunabot_one/package.bash'
[1.923s] INFO:colcon.colcon_core.shell:Creating package script '/home/alexanderh/ros2_ws/src/lunabot_one/install/lunabot_one/share/lunabot_one/package.zsh'
[1.925s] Level 1:colcon.colcon_core.environment:create_file_with_runtime_dependencies(/home/alexanderh/ros2_ws/src/lunabot_one/install/lunabot_one/share/colcon-core/packages/lunabot_one)
[1.928s] DEBUG:colcon.colcon_parallel_executor.executor.parallel:closing loop
[1.929s] DEBUG:colcon.colcon_parallel_executor.executor.parallel:loop closed
[1.930s] DEBUG:colcon.colcon_parallel_executor.executor.parallel:run_until_complete finished with '0'
[1.930s] DEBUG:colcon.colcon_core.event_reactor:joining thread
[1.963s] INFO:colcon.colcon_core.plugin_system:Skipping extension 'colcon_notification.desktop_notification.terminal_notifier': Not used on non-Darwin systems
[1.963s] INFO:colcon.colcon_core.plugin_system:Skipping extension 'colcon_notification.desktop_notification.win32': Not used on non-Windows systems
[1.963s] INFO:colcon.colcon_notification.desktop_notification:Sending desktop notification using 'notify2'
[2.246s] DEBUG:colcon.colcon_core.event_reactor:joined thread
[2.248s] INFO:colcon.colcon_core.shell:Creating prefix script '/home/alexanderh/ros2_ws/src/lunabot_one/install/local_setup.ps1'
[2.251s] INFO:colcon.colcon_core.shell:Creating prefix util module '/home/alexanderh/ros2_ws/src/lunabot_one/install/_local_setup_util_ps1.py'
[2.255s] INFO:colcon.colcon_core.shell:Creating prefix chain script '/home/alexanderh/ros2_ws/src/lunabot_one/install/setup.ps1'
[2.263s] INFO:colcon.colcon_core.shell:Creating prefix script '/home/alexanderh/ros2_ws/src/lunabot_one/install/local_setup.sh'
[2.266s] INFO:colcon.colcon_core.shell:Creating prefix util module '/home/alexanderh/ros2_ws/src/lunabot_one/install/_local_setup_util_sh.py'
[2.268s] INFO:colcon.colcon_core.shell:Creating prefix chain script '/home/alexanderh/ros2_ws/src/lunabot_one/install/setup.sh'
[2.280s] INFO:colcon.colcon_core.shell:Creating prefix script '/home/alexanderh/ros2_ws/src/lunabot_one/install/local_setup.bash'
[2.281s] INFO:colcon.colcon_core.shell:Creating prefix chain script '/home/alexanderh/ros2_ws/src/lunabot_one/install/setup.bash'
[2.291s] INFO:colcon.colcon_core.shell:Creating prefix script '/home/alexanderh/ros2_ws/src/lunabot_one/install/local_setup.zsh'
[2.293s] INFO:colcon.colcon_core.shell:Creating prefix chain script '/home/alexanderh/ros2_ws/src/lunabot_one/install/setup.zsh'
