[0.014s] Invoking command in '/home/alexanderh/ros2_ws/src/lunabot_one/build/lunabot_one': CMAKE_PREFIX_PATH=${CMAKE_PREFIX_PATH}:/opt/ros/jazzy DEBUGINFOD_URLS=https://debuginfod.ubuntu.com /usr/bin/cmake /home/alexanderh/ros2_ws/src/lunabot_one -DCMAKE_INSTALL_PREFIX=/home/alexanderh/ros2_ws/src/lunabot_one/install/lunabot_one
[0.202s] -- The C compiler identification is GNU 13.3.0
[0.384s] -- The CXX compiler identification is GNU 13.3.0
[0.411s] -- Detecting C compiler ABI info
[0.540s] -- Detecting C compiler ABI info - done
[0.556s] -- Check for working C compiler: /usr/bin/cc - skipped
[0.557s] -- Detecting C compile features
[0.557s] -- Detecting C compile features - done
[0.570s] -- Detecting CXX compiler ABI info
[0.696s] -- Detecting CXX compiler ABI info - done
[0.708s] -- Check for working CXX compiler: /usr/bin/c++ - skipped
[0.708s] -- Detecting CXX compile features
[0.708s] -- Detecting CXX compile features - done
[0.724s] -- Found ament_cmake: 2.5.4 (/opt/ros/jazzy/share/ament_cmake/cmake)
[0.919s] -- Found Python3: /usr/bin/python3 (found version "3.12.3") found components: Interpreter 
[1.114s] -- Found ament_lint_auto: 0.17.2 (/opt/ros/jazzy/share/ament_lint_auto/cmake)
[1.287s] -- Added test 'copyright' to check source files copyright and LICENSE
[1.313s] -- Added test 'cppcheck' to perform static code analysis on C / C++ code
[1.313s] -- Configured cppcheck include dirs: 
[1.313s] -- Configured cppcheck exclude dirs and/or files: 
[1.338s] -- Added test 'cpplint' to check C / C++ code against the Google style
[1.338s] -- Configured cpplint exclude dirs and/or files: 
[1.342s] -- Added test 'flake8' to check Python code syntax and style conventions
[1.342s] -- Configured 'flake8' exclude dirs and/or files: 
[1.349s] -- Added test 'lint_cmake' to check CMake code style
[1.354s] -- Added test 'pep257' to check Python code against some of the docstring style conventions in PEP 257
[1.378s] -- Added test 'uncrustify' to check C / C++ code style
[1.378s] -- Configured uncrustify additional arguments: 
[1.382s] -- Added test 'xmllint' to check XML markup files
[1.386s] -- Configuring done (1.4s)
[1.389s] -- Generating done (0.0s)
[1.391s] -- Build files have been written to: /home/alexanderh/ros2_ws/src/lunabot_one/build/lunabot_one
[1.396s] Invoked command in '/home/alexanderh/ros2_ws/src/lunabot_one/build/lunabot_one' returned '0': CMAKE_PREFIX_PATH=${CMAKE_PREFIX_PATH}:/opt/ros/jazzy DEBUGINFOD_URLS=https://debuginfod.ubuntu.com /usr/bin/cmake /home/alexanderh/ros2_ws/src/lunabot_one -DCMAKE_INSTALL_PREFIX=/home/alexanderh/ros2_ws/src/lunabot_one/install/lunabot_one
[1.398s] Invoking command in '/home/alexanderh/ros2_ws/src/lunabot_one/build/lunabot_one': CMAKE_PREFIX_PATH=${CMAKE_PREFIX_PATH}:/opt/ros/jazzy DEBUGINFOD_URLS=https://debuginfod.ubuntu.com /usr/bin/cmake --build /home/alexanderh/ros2_ws/src/lunabot_one/build/lunabot_one -- -j4 -l4
[1.456s] Invoked command in '/home/alexanderh/ros2_ws/src/lunabot_one/build/lunabot_one' returned '0': CMAKE_PREFIX_PATH=${CMAKE_PREFIX_PATH}:/opt/ros/jazzy DEBUGINFOD_URLS=https://debuginfod.ubuntu.com /usr/bin/cmake --build /home/alexanderh/ros2_ws/src/lunabot_one/build/lunabot_one -- -j4 -l4
[1.471s] Invoking command in '/home/alexanderh/ros2_ws/src/lunabot_one/build/lunabot_one': CMAKE_PREFIX_PATH=${CMAKE_PREFIX_PATH}:/opt/ros/jazzy DEBUGINFOD_URLS=https://debuginfod.ubuntu.com /usr/bin/cmake --install /home/alexanderh/ros2_ws/src/lunabot_one/build/lunabot_one
[1.483s] -- Install configuration: ""
[1.483s] -- Installing: /home/alexanderh/ros2_ws/src/lunabot_one/install/lunabot_one/share/lunabot_one/config
[1.483s] -- Installing: /home/alexanderh/ros2_ws/src/lunabot_one/install/lunabot_one/share/lunabot_one/config/simple_mapping.rviz
[1.483s] -- Installing: /home/alexanderh/ros2_ws/src/lunabot_one/install/lunabot_one/share/lunabot_one/config/gaz_ros2_ctl_use_sim.yaml
[1.484s] -- Installing: /home/alexanderh/ros2_ws/src/lunabot_one/install/lunabot_one/share/lunabot_one/config/control
[1.484s] -- Installing: /home/alexanderh/ros2_ws/src/lunabot_one/install/lunabot_one/share/lunabot_one/config/control/joystick.yaml
[1.484s] -- Installing: /home/alexanderh/ros2_ws/src/lunabot_one/install/lunabot_one/share/lunabot_one/config/control/my_controllers.yaml
[1.484s] -- Installing: /home/alexanderh/ros2_ws/src/lunabot_one/install/lunabot_one/share/lunabot_one/config/control/twist_mux.yaml
[1.484s] -- Installing: /home/alexanderh/ros2_ws/src/lunabot_one/install/lunabot_one/share/lunabot_one/config/empty.yaml
[1.484s] -- Installing: /home/alexanderh/ros2_ws/src/lunabot_one/install/lunabot_one/share/lunabot_one/config/rviz
[1.484s] -- Installing: /home/alexanderh/ros2_ws/src/lunabot_one/install/lunabot_one/share/lunabot_one/config/rviz/main.rviz
[1.484s] -- Installing: /home/alexanderh/ros2_ws/src/lunabot_one/install/lunabot_one/share/lunabot_one/config/rviz/drive_bot.rviz
[1.484s] -- Installing: /home/alexanderh/ros2_ws/src/lunabot_one/install/lunabot_one/share/lunabot_one/config/rviz/map.rviz
[1.485s] -- Installing: /home/alexanderh/ros2_ws/src/lunabot_one/install/lunabot_one/share/lunabot_one/config/rviz/view_bot.rviz
[1.485s] -- Installing: /home/alexanderh/ros2_ws/src/lunabot_one/install/lunabot_one/share/lunabot_one/config/params
[1.485s] -- Installing: /home/alexanderh/ros2_ws/src/lunabot_one/install/lunabot_one/share/lunabot_one/config/params/nav2_params.yaml
[1.485s] -- Installing: /home/alexanderh/ros2_ws/src/lunabot_one/install/lunabot_one/share/lunabot_one/config/params/ball_tracker_params_sim.yaml
[1.485s] -- Installing: /home/alexanderh/ros2_ws/src/lunabot_one/install/lunabot_one/share/lunabot_one/config/params/mapper_params_online_async.yaml
[1.485s] -- Installing: /home/alexanderh/ros2_ws/src/lunabot_one/install/lunabot_one/share/lunabot_one/config/params/ball_tracker_params_robot.yaml
[1.485s] -- Installing: /home/alexanderh/ros2_ws/src/lunabot_one/install/lunabot_one/share/lunabot_one/config/params/mapper_params_multi_sensor.yaml
[1.485s] -- Installing: /home/alexanderh/ros2_ws/src/lunabot_one/install/lunabot_one/share/lunabot_one/config/gz_bridge.yaml
[1.486s] -- Installing: /home/alexanderh/ros2_ws/src/lunabot_one/install/lunabot_one/share/lunabot_one/description
[1.486s] -- Installing: /home/alexanderh/ros2_ws/src/lunabot_one/install/lunabot_one/share/lunabot_one/description/face.xacro
[1.486s] -- Installing: /home/alexanderh/ros2_ws/src/lunabot_one/install/lunabot_one/share/lunabot_one/description/ros2_control.xacro
[1.486s] -- Installing: /home/alexanderh/ros2_ws/src/lunabot_one/install/lunabot_one/share/lunabot_one/description/gazebo_control.xacro
[1.486s] -- Installing: /home/alexanderh/ros2_ws/src/lunabot_one/install/lunabot_one/share/lunabot_one/description/lidar.xacro
[1.486s] -- Installing: /home/alexanderh/ros2_ws/src/lunabot_one/install/lunabot_one/share/lunabot_one/description/robot_core.xacro
[1.486s] -- Installing: /home/alexanderh/ros2_ws/src/lunabot_one/install/lunabot_one/share/lunabot_one/description/robot.urdf.xacro
[1.486s] -- Installing: /home/alexanderh/ros2_ws/src/lunabot_one/install/lunabot_one/share/lunabot_one/description/depth_camera.xacro
[1.486s] -- Installing: /home/alexanderh/ros2_ws/src/lunabot_one/install/lunabot_one/share/lunabot_one/description/camera.xacro
[1.487s] -- Installing: /home/alexanderh/ros2_ws/src/lunabot_one/install/lunabot_one/share/lunabot_one/description/inertial_macros.xacro
[1.487s] -- Installing: /home/alexanderh/ros2_ws/src/lunabot_one/install/lunabot_one/share/lunabot_one/launch
[1.487s] -- Installing: /home/alexanderh/ros2_ws/src/lunabot_one/install/lunabot_one/share/lunabot_one/launch/standalone_map_server.py
[1.487s] -- Installing: /home/alexanderh/ros2_ws/src/lunabot_one/install/lunabot_one/share/lunabot_one/launch/robot.launch.py
[1.487s] -- Installing: /home/alexanderh/ros2_ws/src/lunabot_one/install/lunabot_one/share/lunabot_one/launch/minimal_navigation_launch.py
[1.487s] -- Installing: /home/alexanderh/ros2_ws/src/lunabot_one/install/lunabot_one/share/lunabot_one/launch/localization_launch.py
[1.487s] -- Installing: /home/alexanderh/ros2_ws/src/lunabot_one/install/lunabot_one/share/lunabot_one/launch/rtabmap_slam.launch.py
[1.487s] -- Installing: /home/alexanderh/ros2_ws/src/lunabot_one/install/lunabot_one/share/lunabot_one/launch/joystick.launch.py
[1.487s] -- Installing: /home/alexanderh/ros2_ws/src/lunabot_one/install/lunabot_one/share/lunabot_one/launch/rplidar.launch.py
[1.488s] -- Installing: /home/alexanderh/ros2_ws/src/lunabot_one/install/lunabot_one/share/lunabot_one/launch/navigation_launch.py
[1.488s] -- Installing: /home/alexanderh/ros2_ws/src/lunabot_one/install/lunabot_one/share/lunabot_one/launch/rsp.launch.py
[1.488s] -- Installing: /home/alexanderh/ros2_ws/src/lunabot_one/install/lunabot_one/share/lunabot_one/launch/multi_sensor_slam.launch.py
[1.488s] -- Installing: /home/alexanderh/ros2_ws/src/lunabot_one/install/lunabot_one/share/lunabot_one/launch/simulation.launch.py
[1.488s] -- Installing: /home/alexanderh/ros2_ws/src/lunabot_one/install/lunabot_one/share/lunabot_one/launch/online_async_launch.py
[1.488s] -- Installing: /home/alexanderh/ros2_ws/src/lunabot_one/install/lunabot_one/share/lunabot_one/launch/camera.launch.py
[1.488s] -- Installing: /home/alexanderh/ros2_ws/src/lunabot_one/install/lunabot_one/share/lunabot_one/launch/ball_tracker.launch.py
[1.488s] -- Installing: /home/alexanderh/ros2_ws/src/lunabot_one/install/lunabot_one/share/lunabot_one/launch/simple_navigation_launch.py
[1.488s] -- Installing: /home/alexanderh/ros2_ws/src/lunabot_one/install/lunabot_one/share/lunabot_one/launch/full_navigation_launch.py
[1.488s] -- Installing: /home/alexanderh/ros2_ws/src/lunabot_one/install/lunabot_one/share/lunabot_one/worlds
[1.489s] -- Installing: /home/alexanderh/ros2_ws/src/lunabot_one/install/lunabot_one/share/lunabot_one/worlds/obstacles.world
[1.489s] -- Installing: /home/alexanderh/ros2_ws/src/lunabot_one/install/lunabot_one/share/lunabot_one/worlds/empty.world
[1.489s] -- Installing: /home/alexanderh/ros2_ws/src/lunabot_one/install/lunabot_one/lib/lunabot_one/lunabot_joy_teleop
[1.489s] -- Installing: /home/alexanderh/ros2_ws/src/lunabot_one/install/lunabot_one/lib/lunabot_one/twist_to_stamped_relay
[1.489s] -- Installing: /home/alexanderh/ros2_ws/src/lunabot_one/install/lunabot_one/lib/lunabot_one/turning_diagnostics
[1.489s] -- Installing: /home/alexanderh/ros2_ws/src/lunabot_one/install/lunabot_one/share/ament_index/resource_index/package_run_dependencies/lunabot_one
[1.489s] -- Installing: /home/alexanderh/ros2_ws/src/lunabot_one/install/lunabot_one/share/ament_index/resource_index/parent_prefix_path/lunabot_one
[1.489s] -- Installing: /home/alexanderh/ros2_ws/src/lunabot_one/install/lunabot_one/share/lunabot_one/environment/ament_prefix_path.sh
[1.489s] -- Installing: /home/alexanderh/ros2_ws/src/lunabot_one/install/lunabot_one/share/lunabot_one/environment/ament_prefix_path.dsv
[1.489s] -- Installing: /home/alexanderh/ros2_ws/src/lunabot_one/install/lunabot_one/share/lunabot_one/environment/path.sh
[1.489s] -- Installing: /home/alexanderh/ros2_ws/src/lunabot_one/install/lunabot_one/share/lunabot_one/environment/path.dsv
[1.490s] -- Installing: /home/alexanderh/ros2_ws/src/lunabot_one/install/lunabot_one/share/lunabot_one/local_setup.bash
[1.490s] -- Installing: /home/alexanderh/ros2_ws/src/lunabot_one/install/lunabot_one/share/lunabot_one/local_setup.sh
[1.490s] -- Installing: /home/alexanderh/ros2_ws/src/lunabot_one/install/lunabot_one/share/lunabot_one/local_setup.zsh
[1.490s] -- Installing: /home/alexanderh/ros2_ws/src/lunabot_one/install/lunabot_one/share/lunabot_one/local_setup.dsv
[1.490s] -- Installing: /home/alexanderh/ros2_ws/src/lunabot_one/install/lunabot_one/share/lunabot_one/package.dsv
[1.490s] -- Installing: /home/alexanderh/ros2_ws/src/lunabot_one/install/lunabot_one/share/ament_index/resource_index/packages/lunabot_one
[1.490s] -- Installing: /home/alexanderh/ros2_ws/src/lunabot_one/install/lunabot_one/share/lunabot_one/cmake/lunabot_oneConfig.cmake
[1.490s] -- Installing: /home/alexanderh/ros2_ws/src/lunabot_one/install/lunabot_one/share/lunabot_one/cmake/lunabot_oneConfig-version.cmake
[1.490s] -- Installing: /home/alexanderh/ros2_ws/src/lunabot_one/install/lunabot_one/share/lunabot_one/package.xml
[1.493s] Invoked command in '/home/alexanderh/ros2_ws/src/lunabot_one/build/lunabot_one' returned '0': CMAKE_PREFIX_PATH=${CMAKE_PREFIX_PATH}:/opt/ros/jazzy DEBUGINFOD_URLS=https://debuginfod.ubuntu.com /usr/bin/cmake --install /home/alexanderh/ros2_ws/src/lunabot_one/build/lunabot_one
